Inno Setup 6 Command-Line Compiler
Copyright (C) 1997-2026 Jordan Russell. All rights reserved.
Portions Copyright (C) 2000-2026 Martijn Laan. All rights reserved.
Portions Copyright (C) 2001-2004 Alex Yackimoff. All rights reserved.
https://www.innosetup.com

Compiler engine version: Inno Setup 6.7.3
Non-commercial use only

Preprocessing
   Reading file: C:\Users\Lenovo\AppData\Local\Programs\Inno Setup 6\ISPPBuiltins.iss
Parsing [Setup] section, line 19
Parsing [Setup] section, line 20
Parsing [Setup] section, line 21
Parsing [Setup] section, line 22
Parsing [Setup] section, line 23
Parsing [Setup] section, line 24
Parsing [Setup] section, line 25
Parsing [Setup] section, line 26
Parsing [Setup] section, line 27
Parsing [Setup] section, line 28
Parsing [Setup] section, line 30
Parsing [Setup] section, line 31
Parsing [Setup] section, line 32
Parsing [Setup] section, line 34
Parsing [Setup] section, line 35
Parsing [Setup] section, line 36
Parsing [Setup] section, line 37
Parsing [Setup] section, line 38
Parsing [Setup] section, line 39
Parsing [Setup] section, line 40
Parsing [Setup] section, line 41
Parsing [Setup] section, line 42
Parsing [Setup] section, line 43
Parsing [Setup] section, line 44
Parsing [Setup] section, line 45
Parsing [Setup] section, line 46
Parsing [Setup] section, line 47
Parsing [Setup] section, line 49
Reading file (WizardImageFile)
Reading file (WizardSmallImageFile)
Preparing Setup program executable
   Verification successful
   Updating icons (Setup.e32)
   Updating version info (Setup.e32)
Determining language code pages
Parsing [Languages] section, line 52
   Reading file: C:\Users\Lenovo\AppData\Local\Programs\Inno Setup 6\Languages\ChineseSimplified.isl
Parsing [Languages] section, line 53
   Reading file: C:\Users\Lenovo\AppData\Local\Programs\Inno Setup 6\Default.isl
   Messages in script file
Reading default messages from Default.isl
Parsing [Languages] section, line 52
   Reading file: C:\Users\Lenovo\AppData\Local\Programs\Inno Setup 6\Languages\ChineseSimplified.isl
Parsing [Languages] section, line 53
   Reading file: C:\Users\Lenovo\AppData\Local\Programs\Inno Setup 6\Default.isl
Parsing [LangOptions], [Messages], and [CustomMessages] sections
   Messages in script file
Reading [Code] section
Parsing [Tasks] section, line 56
Parsing [Tasks] section, line 57
Parsing [Icons] section, line 64
Parsing [Icons] section, line 65
Parsing [Icons] section, line 66
Parsing [Run] section, line 70
Parsing [Files] section, line 61
Compiling [Code] section
Creating setup files
   Verification successful
   Updating icons (Setup.exe)
   Compressing: C:\Users\Lenovo\Desktop\程序设计\steam mod program\installer\..\build\dist\SWDM\SWDM.exe
   Compressing: C:\Users\Lenovo\Desktop\程序设计\steam mod program\installer\..\build\dist\SWDM\_internal\base_library.zip
   Compressing: C:\Users\Lenovo\Desktop\程序设计\steam mod program\installer\..\build\dist\SWDM\_internal\libcrypto-3-x64.dll
   Compressing: C:\Users\Lenovo\Desktop\程序设计\steam mod program\installer\..\build\dist\SWDM\_internal\libcrypto-3.dll
   Compressing: C:\Users\Lenovo\Desktop\程序设计\steam mod program\installer\..\build\dist\SWDM\_internal\libffi-8.dll
   Compressing: C:\Users\Lenovo\Desktop\程序设计\steam mod program\installer\..\build\dist\SWDM\_internal\libssl-3-x64.dll
   Compressing: C:\Users\Lenovo\Desktop\程序设计\steam mod program\installer\..\build\dist\SWDM\_internal\libssl-3.dll
   Compressing: C:\Users\Lenovo\Desktop\程序设计\steam mod program\installer\..\build\dist\SWDM\_internal\pyexpat.pyd
   Compressing: C:\Users\Lenovo\Desktop\程序设计\steam mod program\installer\..\build\dist\SWDM\_internal\python3.dll
   Compressing: C:\Users\Lenovo\Desktop\程序设计\steam mod program\installer\..\build\dist\SWDM\_internal\python312.dll
   Compressing: C:\Users\Lenovo\Desktop\程序设计\steam mod program\installer\..\build\dist\SWDM\_internal\select.pyd
   Compressing: C:\Users\Lenovo\Desktop\程序设计\steam mod program\installer\..\build\dist\SWDM\_internal\sqlite3.dll
   Compressing: C:\Users\Lenovo\Desktop\程序设计\steam mod program\installer\..\build\dist\SWDM\_internal\unicodedata.pyd
   Compressing: C:\Users\Lenovo\Desktop\程序设计\steam mod program\installer\..\build\dist\SWDM\_internal\VCRUNTIME140.dll
   Compressing: C:\Users\Lenovo\Desktop\程序设计\steam mod program\installer\..\build\dist\SWDM\_internal\VCRUNTIME140_1.dll
   Compressing: C:\Users\Lenovo\Desktop\程序设计\steam mod program\installer\..\build\dist\SWDM\_internal\_asyncio.pyd
   Compressing: C:\Users\Lenovo\Desktop\程序设计\steam mod program\installer\..\build\dist\SWDM\_internal\_bz2.pyd
   Compressing: C:\Users\Lenovo\Desktop\程序设计\steam mod program\installer\..\build\dist\SWDM\_internal\_cffi_backend.cp312-win_amd64.pyd
   Compressing: C:\Users\Lenovo\Desktop\程序设计\steam mod program\installer\..\build\dist\SWDM\_internal\_ctypes.pyd
   Compressing: C:\Users\Lenovo\Desktop\程序设计\steam mod program\installer\..\build\dist\SWDM\_internal\_decimal.pyd
   Compressing: C:\Users\Lenovo\Desktop\程序设计\steam mod program\installer\..\build\dist\SWDM\_internal\_hashlib.pyd
   Compressing: C:\Users\Lenovo\Desktop\程序设计\steam mod program\installer\..\build\dist\SWDM\_internal\_lzma.pyd
   Compressing: C:\Users\Lenovo\Desktop\程序设计\steam mod program\installer\..\build\dist\SWDM\_internal\_multiprocessing.pyd
   Compressing: C:\Users\Lenovo\Desktop\程序设计\steam mod program\installer\..\build\dist\SWDM\_internal\_overlapped.pyd
   Compressing: C:\Users\Lenovo\Desktop\程序设计\steam mod program\installer\..\build\dist\SWDM\_internal\_queue.pyd
   Compressing: C:\Users\Lenovo\Desktop\程序设计\steam mod program\installer\..\build\dist\SWDM\_internal\_socket.pyd
   Compressing: C:\Users\Lenovo\Desktop\程序设计\steam mod program\installer\..\build\dist\SWDM\_internal\_sqlite3.pyd
   Compressing: C:\Users\Lenovo\Desktop\程序设计\steam mod program\installer\..\build\dist\SWDM\_internal\_ssl.pyd
   Compressing: C:\Users\Lenovo\Desktop\程序设计\steam mod program\installer\..\build\dist\SWDM\_internal\_testcapi.pyd
   Compressing: C:\Users\Lenovo\Desktop\程序设计\steam mod program\installer\..\build\dist\SWDM\_internal\_testinternalcapi.pyd
   Compressing: C:\Users\Lenovo\Desktop\程序设计\steam mod program\installer\..\build\dist\SWDM\_internal\_wmi.pyd
   Compressing: C:\Users\Lenovo\Desktop\程序设计\steam mod program\installer\..\build\dist\SWDM\_internal\certifi\cacert.pem
   Compressing: C:\Users\Lenovo\Desktop\程序设计\steam mod program\installer\..\build\dist\SWDM\_internal\certifi\py.typed
   Compressing: C:\Users\Lenovo\Desktop\程序设计\steam mod program\installer\..\build\dist\SWDM\_internal\cffi-2.1.1.dist-info\entry_points.txt
   Compressing: C:\Users\Lenovo\Desktop\程序设计\steam mod program\installer\..\build\dist\SWDM\_internal\cffi-2.1.1.dist-info\INSTALLER
   Compressing: C:\Users\Lenovo\Desktop\程序设计\steam mod program\installer\..\build\dist\SWDM\_internal\cffi-2.1.1.dist-info\METADATA
   Compressing: C:\Users\Lenovo\Desktop\程序设计\steam mod program\installer\..\build\dist\SWDM\_internal\cffi-2.1.1.dist-info\RECORD
   Compressing: C:\Users\Lenovo\Desktop\程序设计\steam mod program\installer\..\build\dist\SWDM\_internal\cffi-2.1.1.dist-info\top_level.txt
   Compressing: C:\Users\Lenovo\Desktop\程序设计\steam mod program\installer\..\build\dist\SWDM\_internal\cffi-2.1.1.dist-info\WHEEL
   Compressing: C:\Users\Lenovo\Desktop\程序设计\steam mod program\installer\..\build\dist\SWDM\_internal\cffi-2.1.1.dist-info\licenses\LICENSE
   Compressing: C:\Users\Lenovo\Desktop\程序设计\steam mod program\installer\..\build\dist\SWDM\_internal\charset_normalizer\cd.cp312-win_amd64.pyd
   Compressing: C:\Users\Lenovo\Desktop\程序设计\steam mod program\installer\..\build\dist\SWDM\_internal\charset_normalizer\md.cp312-win_amd64.pyd
   Compressing: C:\Users\Lenovo\Desktop\程序设计\steam mod program\installer\..\build\dist\SWDM\_internal\Cryptodome\Cipher\_ARC4.pyd
   Compressing: C:\Users\Lenovo\Desktop\程序设计\steam mod program\installer\..\build\dist\SWDM\_internal\Cryptodome\Cipher\_chacha20.pyd
   Compressing: C:\Users\Lenovo\Desktop\程序设计\steam mod program\installer\..\build\dist\SWDM\_internal\Cryptodome\Cipher\_pkcs1_decode.pyd
   Compressing: C:\Users\Lenovo\Desktop\程序设计\steam mod program\installer\..\build\dist\SWDM\_internal\Cryptodome\Cipher\_raw_aes.pyd
   Compressing: C:\Users\Lenovo\Desktop\程序设计\steam mod program\installer\..\build\dist\SWDM\_internal\Cryptodome\Cipher\_raw_aesni.pyd
   Compressing: C:\Users\Lenovo\Desktop\程序设计\steam mod program\installer\..\build\dist\SWDM\_internal\Cryptodome\Cipher\_raw_arc2.pyd
   Compressing: C:\Users\Lenovo\Desktop\程序设计\steam mod program\installer\..\build\dist\SWDM\_internal\Cryptodome\Cipher\_raw_blowfish.pyd
   Compressing: C:\Users\Lenovo\Desktop\程序设计\steam mod program\installer\..\build\dist\SWDM\_internal\Cryptodome\Cipher\_raw_cast.pyd
   Compressing: C:\Users\Lenovo\Desktop\程序设计\steam mod program\installer\..\build\dist\SWDM\_internal\Cryptodome\Cipher\_raw_cbc.pyd
   Compressing: C:\Users\Lenovo\Desktop\程序设计\steam mod program\installer\..\build\dist\SWDM\_internal\Cryptodome\Cipher\_raw_cfb.pyd
   Compressing: C:\Users\Lenovo\Desktop\程序设计\steam mod program\installer\..\build\dist\SWDM\_internal\Cryptodome\Cipher\_raw_ctr.pyd
   Compressing: C:\Users\Lenovo\Desktop\程序设计\steam mod program\installer\..\build\dist\SWDM\_internal\Cryptodome\Cipher\_raw_des.pyd
   Compressing: C:\Users\Lenovo\Desktop\程序设计\steam mod program\installer\..\build\dist\SWDM\_internal\Cryptodome\Cipher\_raw_des3.pyd
   Compressing: C:\Users\Lenovo\Desktop\程序设计\steam mod program\installer\..\build\dist\SWDM\_internal\Cryptodome\Cipher\_raw_ecb.pyd
   Compressing: C:\Users\Lenovo\Desktop\程序设计\steam mod program\installer\..\build\dist\SWDM\_internal\Cryptodome\Cipher\_raw_eksblowfish.pyd
   Compressing: C:\Users\Lenovo\Desktop\程序设计\steam mod program\installer\..\build\dist\SWDM\_internal\Cryptodome\Cipher\_raw_ocb.pyd
   Compressing: C:\Users\Lenovo\Desktop\程序设计\steam mod program\installer\..\build\dist\SWDM\_internal\Cryptodome\Cipher\_raw_ofb.pyd
   Compressing: C:\Users\Lenovo\Desktop\程序设计\steam mod program\installer\..\build\dist\SWDM\_internal\Cryptodome\Cipher\_Salsa20.pyd
   Compressing: C:\Users\Lenovo\Desktop\程序设计\steam mod program\installer\..\build\dist\SWDM\_internal\Cryptodome\Hash\_BLAKE2b.pyd
   Compressing: C:\Users\Lenovo\Desktop\程序设计\steam mod program\installer\..\build\dist\SWDM\_internal\Cryptodome\Hash\_BLAKE2s.pyd
   Compressing: C:\Users\Lenovo\Desktop\程序设计\steam mod program\installer\..\build\dist\SWDM\_internal\Cryptodome\Hash\_ghash_clmul.pyd
   Compressing: C:\Users\Lenovo\Desktop\程序设计\steam mod program\installer\..\build\dist\SWDM\_internal\Cryptodome\Hash\_ghash_portable.pyd
   Compressing: C:\Users\Lenovo\Desktop\程序设计\steam mod program\installer\..\build\dist\SWDM\_internal\Cryptodome\Hash\_keccak.pyd
   Compressing: C:\Users\Lenovo\Desktop\程序设计\steam mod program\installer\..\build\dist\SWDM\_internal\Cryptodome\Hash\_MD2.pyd
   Compressing: C:\Users\Lenovo\Desktop\程序设计\steam mod program\installer\..\build\dist\SWDM\_internal\Cryptodome\Hash\_MD4.pyd
   Compressing: C:\Users\Lenovo\Desktop\程序设计\steam mod program\installer\..\build\dist\SWDM\_internal\Cryptodome\Hash\_MD5.pyd
   Compressing: C:\Users\Lenovo\Desktop\程序设计\steam mod program\installer\..\build\dist\SWDM\_internal\Cryptodome\Hash\_poly1305.pyd
   Compressing: C:\Users\Lenovo\Desktop\程序设计\steam mod program\installer\..\build\dist\SWDM\_internal\Cryptodome\Hash\_RIPEMD160.pyd
   Compressing: C:\Users\Lenovo\Desktop\程序设计\steam mod program\installer\..\build\dist\SWDM\_internal\Cryptodome\Hash\_SHA1.pyd
   Compressing: C:\Users\Lenovo\Desktop\程序设计\steam mod program\installer\..\build\dist\SWDM\_internal\Cryptodome\Hash\_SHA224.pyd
   Compressing: C:\Users\Lenovo\Desktop\程序设计\steam mod program\installer\..\build\dist\SWDM\_internal\Cryptodome\Hash\_SHA256.pyd
   Compressing: C:\Users\Lenovo\Desktop\程序设计\steam mod program\installer\..\build\dist\SWDM\_internal\Cryptodome\Hash\_SHA384.pyd
   Compressing: C:\Users\Lenovo\Desktop\程序设计\steam mod program\installer\..\build\dist\SWDM\_internal\Cryptodome\Hash\_SHA512.pyd
   Compressing: C:\Users\Lenovo\Desktop\程序设计\steam mod program\installer\..\build\dist\SWDM\_internal\Cryptodome\Math\_modexp.pyd
   Compressing: C:\Users\Lenovo\Desktop\程序设计\steam mod program\installer\..\build\dist\SWDM\_internal\Cryptodome\Protocol\_scrypt.pyd
   Compressing: C:\Users\Lenovo\Desktop\程序设计\steam mod program\installer\..\build\dist\SWDM\_internal\Cryptodome\PublicKey\_curve25519.pyd
   Compressing: C:\Users\Lenovo\Desktop\程序设计\steam mod program\installer\..\build\dist\SWDM\_internal\Cryptodome\PublicKey\_curve448.pyd
   Compressing: C:\Users\Lenovo\Desktop\程序设计\steam mod program\installer\..\build\dist\SWDM\_internal\Cryptodome\PublicKey\_ec_ws.pyd
   Compressing: C:\Users\Lenovo\Desktop\程序设计\steam mod program\installer\..\build\dist\SWDM\_internal\Cryptodome\PublicKey\_ed25519.pyd
   Compressing: C:\Users\Lenovo\Desktop\程序设计\steam mod program\installer\..\build\dist\SWDM\_internal\Cryptodome\PublicKey\_ed448.pyd
   Compressing: C:\Users\Lenovo\Desktop\程序设计\steam mod program\installer\..\build\dist\SWDM\_internal\Cryptodome\Util\_cpuid_c.pyd
   Compressing: C:\Users\Lenovo\Desktop\程序设计\steam mod program\installer\..\build\dist\SWDM\_internal\Cryptodome\Util\_strxor.pyd
   Compressing: C:\Users\Lenovo\Desktop\程序设计\steam mod program\installer\..\build\dist\SWDM\_internal\gevent\_gevent_cevent.cp312-win_amd64.pyd
   Compressing: C:\Users\Lenovo\Desktop\程序设计\steam mod program\installer\..\build\dist\SWDM\_internal\gevent\_gevent_cgreenlet.cp312-win_amd64.pyd
   Compressing: C:\Users\Lenovo\Desktop\程序设计\steam mod program\installer\..\build\dist\SWDM\_internal\gevent\_gevent_clocal.cp312-win_amd64.pyd
   Compressing: C:\Users\Lenovo\Desktop\程序设计\steam mod program\installer\..\build\dist\SWDM\_internal\gevent\_gevent_cqueue.cp312-win_amd64.pyd
   Compressing: C:\Users\Lenovo\Desktop\程序设计\steam mod program\installer\..\build\dist\SWDM\_internal\gevent\_gevent_c_abstract_linkable.cp312-win_amd64.pyd
   Compressing: C:\Users\Lenovo\Desktop\程序设计\steam mod program\installer\..\build\dist\SWDM\_internal\gevent\_gevent_c_greenlet_primitives.cp312-win_amd64.pyd
   Compressing: C:\Users\Lenovo\Desktop\程序设计\steam mod program\installer\..\build\dist\SWDM\_internal\gevent\_gevent_c_hub_local.cp312-win_amd64.pyd
   Compressing: C:\Users\Lenovo\Desktop\程序设计\steam mod program\installer\..\build\dist\SWDM\_internal\gevent\_gevent_c_hub_primitives.cp312-win_amd64.pyd
   Compressing: C:\Users\Lenovo\Desktop\程序设计\steam mod program\installer\..\build\dist\SWDM\_internal\gevent\_gevent_c_ident.cp312-win_amd64.pyd
   Compressing: C:\Users\Lenovo\Desktop\程序设计\steam mod program\installer\..\build\dist\SWDM\_internal\gevent\_gevent_c_imap.cp312-win_amd64.pyd
   Compressing: C:\Users\Lenovo\Desktop\程序设计\steam mod program\installer\..\build\dist\SWDM\_internal\gevent\_gevent_c_semaphore.cp312-win_amd64.pyd
   Compressing: C:\Users\Lenovo\Desktop\程序设计\steam mod program\installer\..\build\dist\SWDM\_internal\gevent\_gevent_c_tracer.cp312-win_amd64.pyd
   Compressing: C:\Users\Lenovo\Desktop\程序设计\steam mod program\installer\..\build\dist\SWDM\_internal\gevent\_gevent_c_waiter.cp312-win_amd64.pyd
   Compressing: C:\Users\Lenovo\Desktop\程序设计\steam mod program\installer\..\build\dist\SWDM\_internal\gevent\libev\corecext.cp312-win_amd64.pyd
   Compressing: C:\Users\Lenovo\Desktop\程序设计\steam mod program\installer\..\build\dist\SWDM\_internal\gevent\libuv\_corecffi.pyd
   Compressing: C:\Users\Lenovo\Desktop\程序设计\steam mod program\installer\..\build\dist\SWDM\_internal\gevent\resolver\cares.cp312-win_amd64.pyd
   Compressing: C:\Users\Lenovo\Desktop\程序设计\steam mod program\installer\..\build\dist\SWDM\_internal\gevent-26.9.0.dist-info\entry_points.txt
   Compressing: C:\Users\Lenovo\Desktop\程序设计\steam mod program\installer\..\build\dist\SWDM\_internal\gevent-26.9.0.dist-info\INSTALLER
   Compressing: C:\Users\Lenovo\Desktop\程序设计\steam mod program\installer\..\build\dist\SWDM\_internal\gevent-26.9.0.dist-info\METADATA
   Compressing: C:\Users\Lenovo\Desktop\程序设计\steam mod program\installer\..\build\dist\SWDM\_internal\gevent-26.9.0.dist-info\RECORD
   Compressing: C:\Users\Lenovo\Desktop\程序设计\steam mod program\installer\..\build\dist\SWDM\_internal\gevent-26.9.0.dist-info\top_level.txt
   Compressing: C:\Users\Lenovo\Desktop\程序设计\steam mod program\installer\..\build\dist\SWDM\_internal\gevent-26.9.0.dist-info\WHEEL
   Compressing: C:\Users\Lenovo\Desktop\程序设计\steam mod program\installer\..\build\dist\SWDM\_internal\gevent-26.9.0.dist-info\licenses\LICENSE
   Compressing: C:\Users\Lenovo\Desktop\程序设计\steam mod program\installer\..\build\dist\SWDM\_internal\greenlet\_greenlet.cp312-win_amd64.pyd
   Compressing: C:\Users\Lenovo\Desktop\程序设计\steam mod program\installer\..\build\dist\SWDM\_internal\greenlet-3.5.6.dist-info\INSTALLER
   Compressing: C:\Users\Lenovo\Desktop\程序设计\steam mod program\installer\..\build\dist\SWDM\_internal\greenlet-3.5.6.dist-info\METADATA
   Compressing: C:\Users\Lenovo\Desktop\程序设计\steam mod program\installer\..\build\dist\SWDM\_internal\greenlet-3.5.6.dist-info\RECORD
   Compressing: C:\Users\Lenovo\Desktop\程序设计\steam mod program\installer\..\build\dist\SWDM\_internal\greenlet-3.5.6.dist-info\top_level.txt
   Compressing: C:\Users\Lenovo\Desktop\程序设计\steam mod program\installer\..\build\dist\SWDM\_internal\greenlet-3.5.6.dist-info\WHEEL
   Compressing: C:\Users\Lenovo\Desktop\程序设计\steam mod program\installer\..\build\dist\SWDM\_internal\greenlet-3.5.6.dist-info\licenses\LICENSE
   Compressing: C:\Users\Lenovo\Desktop\程序设计\steam mod program\installer\..\build\dist\SWDM\_internal\greenlet-3.5.6.dist-info\licenses\LICENSE.PSF
   Compressing: C:\Users\Lenovo\Desktop\程序设计\steam mod program\installer\..\build\dist\SWDM\_internal\keyring-25.7.0.dist-info\entry_points.txt
   Compressing: C:\Users\Lenovo\Desktop\程序设计\steam mod program\installer\..\build\dist\SWDM\_internal\keyring-25.7.0.dist-info\INSTALLER
   Compressing: C:\Users\Lenovo\Desktop\程序设计\steam mod program\installer\..\build\dist\SWDM\_internal\keyring-25.7.0.dist-info\METADATA
   Compressing: C:\Users\Lenovo\Desktop\程序设计\steam mod program\installer\..\build\dist\SWDM\_internal\keyring-25.7.0.dist-info\RECORD
   Compressing: C:\Users\Lenovo\Desktop\程序设计\steam mod program\installer\..\build\dist\SWDM\_internal\keyring-25.7.0.dist-info\REQUESTED
   Compressing: C:\Users\Lenovo\Desktop\程序设计\steam mod program\installer\..\build\dist\SWDM\_internal\keyring-25.7.0.dist-info\top_level.txt
   Compressing: C:\Users\Lenovo\Desktop\程序设计\steam mod program\installer\..\build\dist\SWDM\_internal\keyring-25.7.0.dist-info\WHEEL
   Compressing: C:\Users\Lenovo\Desktop\程序设计\steam mod program\installer\..\build\dist\SWDM\_internal\keyring-25.7.0.dist-info\licenses\LICENSE
   Compressing: C:\Users\Lenovo\Desktop\程序设计\steam mod program\installer\..\build\dist\SWDM\_internal\lxml\builder.cp312-win_amd64.pyd
   Compressing: C:\Users\Lenovo\Desktop\程序设计\steam mod program\installer\..\build\dist\SWDM\_internal\lxml\etree.cp312-win_amd64.pyd
   Compressing: C:\Users\Lenovo\Desktop\程序设计\steam mod program\installer\..\build\dist\SWDM\_internal\lxml\objectify.cp312-win_amd64.pyd
   Compressing: C:\Users\Lenovo\Desktop\程序设计\steam mod program\installer\..\build\dist\SWDM\_internal\lxml\sax.cp312-win_amd64.pyd
   Compressing: C:\Users\Lenovo\Desktop\程序设计\steam mod program\installer\..\build\dist\SWDM\_internal\lxml\_elementpath.cp312-win_amd64.pyd
   Compressing: C:\Users\Lenovo\Desktop\程序设计\steam mod program\installer\..\build\dist\SWDM\_internal\lxml\html\diff.cp312-win_amd64.pyd
   Compressing: C:\Users\Lenovo\Desktop\程序设计\steam mod program\installer\..\build\dist\SWDM\_internal\lxml\html\_difflib.cp312-win_amd64.pyd
   Compressing: C:\Users\Lenovo\Desktop\程序设计\steam mod program\installer\..\build\dist\SWDM\_internal\lxml\isoschematron\resources\rng\iso-schematron.rng
   Compressing: C:\Users\Lenovo\Desktop\程序设计\steam mod program\installer\..\build\dist\SWDM\_internal\lxml\isoschematron\resources\xsl\RNG2Schtrn.xsl
   Compressing: C:\Users\Lenovo\Desktop\程序设计\steam mod program\installer\..\build\dist\SWDM\_internal\lxml\isoschematron\resources\xsl\XSD2Schtrn.xsl
   Compressing: C:\Users\Lenovo\Desktop\程序设计\steam mod program\installer\..\build\dist\SWDM\_internal\lxml\isoschematron\resources\xsl\iso-schematron-xslt1\iso_abstract_expand.xsl
   Compressing: C:\Users\Lenovo\Desktop\程序设计\steam mod program\installer\..\build\dist\SWDM\_internal\lxml\isoschematron\resources\xsl\iso-schematron-xslt1\iso_dsdl_include.xsl
   Compressing: C:\Users\Lenovo\Desktop\程序设计\steam mod program\installer\..\build\dist\SWDM\_internal\lxml\isoschematron\resources\xsl\iso-schematron-xslt1\iso_schematron_message.xsl
   Compressing: C:\Users\Lenovo\Desktop\程序设计\steam mod program\installer\..\build\dist\SWDM\_internal\lxml\isoschematron\resources\xsl\iso-schematron-xslt1\iso_schematron_skeleton_for_xslt1.xsl
   Compressing: C:\Users\Lenovo\Desktop\程序设计\steam mod program\installer\..\build\dist\SWDM\_internal\lxml\isoschematron\resources\xsl\iso-schematron-xslt1\iso_svrl_for_xslt1.xsl
   Compressing: C:\Users\Lenovo\Desktop\程序设计\steam mod program\installer\..\build\dist\SWDM\_internal\lxml\isoschematron\resources\xsl\iso-schematron-xslt1\readme.txt
   Compressing: C:\Users\Lenovo\Desktop\程序设计\steam mod program\installer\..\build\dist\SWDM\_internal\pycparser-3.0.dist-info\INSTALLER
   Compressing: C:\Users\Lenovo\Desktop\程序设计\steam mod program\installer\..\build\dist\SWDM\_internal\pycparser-3.0.dist-info\METADATA
   Compressing: C:\Users\Lenovo\Desktop\程序设计\steam mod program\installer\..\build\dist\SWDM\_internal\pycparser-3.0.dist-info\RECORD
   Compressing: C:\Users\Lenovo\Desktop\程序设计\steam mod program\installer\..\build\dist\SWDM\_internal\pycparser-3.0.dist-info\top_level.txt
   Compressing: C:\Users\Lenovo\Desktop\程序设计\steam mod program\installer\..\build\dist\SWDM\_internal\pycparser-3.0.dist-info\WHEEL
   Compressing: C:\Users\Lenovo\Desktop\程序设计\steam mod program\installer\..\build\dist\SWDM\_internal\pycparser-3.0.dist-info\licenses\LICENSE
   Compressing: C:\Users\Lenovo\Desktop\程序设计\steam mod program\installer\..\build\dist\SWDM\_internal\PySide6\MSVCP140.dll
   Compressing: C:\Users\Lenovo\Desktop\程序设计\steam mod program\installer\..\build\dist\SWDM\_internal\PySide6\MSVCP140_1.dll
   Compressing: C:\Users\Lenovo\Desktop\程序设计\steam mod program\installer\..\build\dist\SWDM\_internal\PySide6\MSVCP140_2.dll
   Compressing: C:\Users\Lenovo\Desktop\程序设计\steam mod program\installer\..\build\dist\SWDM\_internal\PySide6\opengl32sw.dll
   Compressing: C:\Users\Lenovo\Desktop\程序设计\steam mod program\installer\..\build\dist\SWDM\_internal\PySide6\pyside6.abi3.dll
   Compressing: C:\Users\Lenovo\Desktop\程序设计\steam mod program\installer\..\build\dist\SWDM\_internal\PySide6\Qt6Core.dll
   Compressing: C:\Users\Lenovo\Desktop\程序设计\steam mod program\installer\..\build\dist\SWDM\_internal\PySide6\Qt6Gui.dll
   Compressing: C:\Users\Lenovo\Desktop\程序设计\steam mod program\installer\..\build\dist\SWDM\_internal\PySide6\Qt6Network.dll
   Compressing: C:\Users\Lenovo\Desktop\程序设计\steam mod program\installer\..\build\dist\SWDM\_internal\PySide6\Qt6OpenGL.dll
   Compressing: C:\Users\Lenovo\Desktop\程序设计\steam mod program\installer\..\build\dist\SWDM\_internal\PySide6\Qt6Pdf.dll
   Compressing: C:\Users\Lenovo\Desktop\程序设计\steam mod program\installer\..\build\dist\SWDM\_internal\PySide6\Qt6Qml.dll
   Compressing: C:\Users\Lenovo\Desktop\程序设计\steam mod program\installer\..\build\dist\SWDM\_internal\PySide6\Qt6QmlMeta.dll
   Compressing: C:\Users\Lenovo\Desktop\程序设计\steam mod program\installer\..\build\dist\SWDM\_internal\PySide6\Qt6QmlModels.dll
   Compressing: C:\Users\Lenovo\Desktop\程序设计\steam mod program\installer\..\build\dist\SWDM\_internal\PySide6\Qt6QmlWorkerScript.dll
   Compressing: C:\Users\Lenovo\Desktop\程序设计\steam mod program\installer\..\build\dist\SWDM\_internal\PySide6\Qt6Quick.dll
   Compressing: C:\Users\Lenovo\Desktop\程序设计\steam mod program\installer\..\build\dist\SWDM\_internal\PySide6\Qt6Svg.dll
   Compressing: C:\Users\Lenovo\Desktop\程序设计\steam mod program\installer\..\build\dist\SWDM\_internal\PySide6\Qt6VirtualKeyboard.dll
   Compressing: C:\Users\Lenovo\Desktop\程序设计\steam mod program\installer\..\build\dist\SWDM\_internal\PySide6\Qt6Widgets.dll
   Compressing: C:\Users\Lenovo\Desktop\程序设计\steam mod program\installer\..\build\dist\SWDM\_internal\PySide6\QtCore.pyd
   Compressing: C:\Users\Lenovo\Desktop\程序设计\steam mod program\installer\..\build\dist\SWDM\_internal\PySide6\QtGui.pyd
   Compressing: C:\Users\Lenovo\Desktop\程序设计\steam mod program\installer\..\build\dist\SWDM\_internal\PySide6\QtNetwork.pyd
   Compressing: C:\Users\Lenovo\Desktop\程序设计\steam mod program\installer\..\build\dist\SWDM\_internal\PySide6\QtSvg.pyd
   Compressing: C:\Users\Lenovo\Desktop\程序设计\steam mod program\installer\..\build\dist\SWDM\_internal\PySide6\QtWidgets.pyd
   Compressing: C:\Users\Lenovo\Desktop\程序设计\steam mod program\installer\..\build\dist\SWDM\_internal\PySide6\VCRUNTIME140.dll
   Compressing: C:\Users\Lenovo\Desktop\程序设计\steam mod program\installer\..\build\dist\SWDM\_internal\PySide6\VCRUNTIME140_1.dll
   Compressing: C:\Users\Lenovo\Desktop\程序设计\steam mod program\installer\..\build\dist\SWDM\_internal\PySide6\plugins\generic\qtuiotouchplugin.dll
   Compressing: C:\Users\Lenovo\Desktop\程序设计\steam mod program\installer\..\build\dist\SWDM\_internal\PySide6\plugins\iconengines\qsvgicon.dll
   Compressing: C:\Users\Lenovo\Desktop\程序设计\steam mod program\installer\..\build\dist\SWDM\_internal\PySide6\plugins\imageformats\qgif.dll
   Compressing: C:\Users\Lenovo\Desktop\程序设计\steam mod program\installer\..\build\dist\SWDM\_internal\PySide6\plugins\imageformats\qicns.dll
   Compressing: C:\Users\Lenovo\Desktop\程序设计\steam mod program\installer\..\build\dist\SWDM\_internal\PySide6\plugins\imageformats\qico.dll
   Compressing: C:\Users\Lenovo\Desktop\程序设计\steam mod program\installer\..\build\dist\SWDM\_internal\PySide6\plugins\imageformats\qjpeg.dll
   Compressing: C:\Users\Lenovo\Desktop\程序设计\steam mod program\installer\..\build\dist\SWDM\_internal\PySide6\plugins\imageformats\qpdf.dll
   Compressing: C:\Users\Lenovo\Desktop\程序设计\steam mod program\installer\..\build\dist\SWDM\_internal\PySide6\plugins\imageformats\qsvg.dll
   Compressing: C:\Users\Lenovo\Desktop\程序设计\steam mod program\installer\..\build\dist\SWDM\_internal\PySide6\plugins\imageformats\qtga.dll
   Compressing: C:\Users\Lenovo\Desktop\程序设计\steam mod program\installer\..\build\dist\SWDM\_internal\PySide6\plugins\imageformats\qtiff.dll
   Compressing: C:\Users\Lenovo\Desktop\程序设计\steam mod program\installer\..\build\dist\SWDM\_internal\PySide6\plugins\imageformats\qwbmp.dll
   Compressing: C:\Users\Lenovo\Desktop\程序设计\steam mod program\installer\..\build\dist\SWDM\_internal\PySide6\plugins\imageformats\qwebp.dll
   Compressing: C:\Users\Lenovo\Desktop\程序设计\steam mod program\installer\..\build\dist\SWDM\_internal\PySide6\plugins\networkinformation\qnetworklistmanager.dll
   Compressing: C:\Users\Lenovo\Desktop\程序设计\steam mod program\installer\..\build\dist\SWDM\_internal\PySide6\plugins\platforminputcontexts\qtvirtualkeyboardplugin.dll
   Compressing: C:\Users\Lenovo\Desktop\程序设计\steam mod program\installer\..\build\dist\SWDM\_internal\PySide6\plugins\platforms\qdirect2d.dll
   Compressing: C:\Users\Lenovo\Desktop\程序设计\steam mod program\installer\..\build\dist\SWDM\_internal\PySide6\plugins\platforms\qminimal.dll
   Compressing: C:\Users\Lenovo\Desktop\程序设计\steam mod program\installer\..\build\dist\SWDM\_internal\PySide6\plugins\platforms\qoffscreen.dll
   Compressing: C:\Users\Lenovo\Desktop\程序设计\steam mod program\installer\..\build\dist\SWDM\_internal\PySide6\plugins\platforms\qwindows.dll
   Compressing: C:\Users\Lenovo\Desktop\程序设计\steam mod program\installer\..\build\dist\SWDM\_internal\PySide6\plugins\styles\qmodernwindowsstyle.dll
   Compressing: C:\Users\Lenovo\Desktop\程序设计\steam mod program\installer\..\build\dist\SWDM\_internal\PySide6\plugins\tls\qcertonlybackend.dll
   Compressing: C:\Users\Lenovo\Desktop\程序设计\steam mod program\installer\..\build\dist\SWDM\_internal\PySide6\plugins\tls\qopensslbackend.dll
   Compressing: C:\Users\Lenovo\Desktop\程序设计\steam mod program\installer\..\build\dist\SWDM\_internal\PySide6\plugins\tls\qschannelbackend.dll
   Compressing: C:\Users\Lenovo\Desktop\程序设计\steam mod program\installer\..\build\dist\SWDM\_internal\PySide6\translations\qtbase_ar.qm
   Compressing: C:\Users\Lenovo\Desktop\程序设计\steam mod program\installer\..\build\dist\SWDM\_internal\PySide6\translations\qtbase_bg.qm
   Compressing: C:\Users\Lenovo\Desktop\程序设计\steam mod program\installer\..\build\dist\SWDM\_internal\PySide6\translations\qtbase_ca.qm
   Compressing: C:\Users\Lenovo\Desktop\程序设计\steam mod program\installer\..\build\dist\SWDM\_internal\PySide6\translations\qtbase_cs.qm
   Compressing: C:\Users\Lenovo\Desktop\程序设计\steam mod program\installer\..\build\dist\SWDM\_internal\PySide6\translations\qtbase_da.qm
   Compressing: C:\Users\Lenovo\Desktop\程序设计\steam mod program\installer\..\build\dist\SWDM\_internal\PySide6\translations\qtbase_de.qm
   Compressing: C:\Users\Lenovo\Desktop\程序设计\steam mod program\installer\..\build\dist\SWDM\_internal\PySide6\translations\qtbase_en.qm
   Compressing: C:\Users\Lenovo\Desktop\程序设计\steam mod program\installer\..\build\dist\SWDM\_internal\PySide6\translations\qtbase_es.qm
   Compressing: C:\Users\Lenovo\Desktop\程序设计\steam mod program\installer\..\build\dist\SWDM\_internal\PySide6\translations\qtbase_fa.qm
   Compressing: C:\Users\Lenovo\Desktop\程序设计\steam mod program\installer\..\build\dist\SWDM\_internal\PySide6\translations\qtbase_fi.qm
   Compressing: C:\Users\Lenovo\Desktop\程序设计\steam mod program\installer\..\build\dist\SWDM\_internal\PySide6\translations\qtbase_fr.qm
   Compressing: C:\Users\Lenovo\Desktop\程序设计\steam mod program\installer\..\build\dist\SWDM\_internal\PySide6\translations\qtbase_gd.qm
   Compressing: C:\Users\Lenovo\Desktop\程序设计\steam mod program\installer\..\build\dist\SWDM\_internal\PySide6\translations\qtbase_he.qm
   Compressing: C:\Users\Lenovo\Desktop\程序设计\steam mod program\installer\..\build\dist\SWDM\_internal\PySide6\translations\qtbase_hr.qm
   Compressing: C:\Users\Lenovo\Desktop\程序设计\steam mod program\installer\..\build\dist\SWDM\_internal\PySide6\translations\qtbase_hu.qm
   Compressing: C:\Users\Lenovo\Desktop\程序设计\steam mod program\installer\..\build\dist\SWDM\_internal\PySide6\translations\qtbase_it.qm
   Compressing: C:\Users\Lenovo\Desktop\程序设计\steam mod program\installer\..\build\dist\SWDM\_internal\PySide6\translations\qtbase_ja.qm
   Compressing: C:\Users\Lenovo\Desktop\程序设计\steam mod program\installer\..\build\dist\SWDM\_internal\PySide6\translations\qtbase_ka.qm
   Compressing: C:\Users\Lenovo\Desktop\程序设计\steam mod program\installer\..\build\dist\SWDM\_internal\PySide6\translations\qtbase_ko.qm
   Compressing: C:\Users\Lenovo\Desktop\程序设计\steam mod program\installer\..\build\dist\SWDM\_internal\PySide6\translations\qtbase_lg.qm
   Compressing: C:\Users\Lenovo\Desktop\程序设计\steam mod program\installer\..\build\dist\SWDM\_internal\PySide6\translations\qtbase_lv.qm
   Compressing: C:\Users\Lenovo\Desktop\程序设计\steam mod program\installer\..\build\dist\SWDM\_internal\PySide6\translations\qtbase_nl.qm
   Compressing: C:\Users\Lenovo\Desktop\程序设计\steam mod program\installer\..\build\dist\SWDM\_internal\PySide6\translations\qtbase_nn.qm
   Compressing: C:\Users\Lenovo\Desktop\程序设计\steam mod program\installer\..\build\dist\SWDM\_internal\PySide6\translations\qtbase_pl.qm
   Compressing: C:\Users\Lenovo\Desktop\程序设计\steam mod program\installer\..\build\dist\SWDM\_internal\PySide6\translations\qtbase_pt_BR.qm
   Compressing: C:\Users\Lenovo\Desktop\程序设计\steam mod program\installer\..\build\dist\SWDM\_internal\PySide6\translations\qtbase_ru.qm
   Compressing: C:\Users\Lenovo\Desktop\程序设计\steam mod program\installer\..\build\dist\SWDM\_internal\PySide6\translations\qtbase_sk.qm
   Compressing: C:\Users\Lenovo\Desktop\程序设计\steam mod program\installer\..\build\dist\SWDM\_internal\PySide6\translations\qtbase_sv.qm
   Compressing: C:\Users\Lenovo\Desktop\程序设计\steam mod program\installer\..\build\dist\SWDM\_internal\PySide6\translations\qtbase_tr.qm
   Compressing: C:\Users\Lenovo\Desktop\程序设计\steam mod program\installer\..\build\dist\SWDM\_internal\PySide6\translations\qtbase_uk.qm
   Compressing: C:\Users\Lenovo\Desktop\程序设计\steam mod program\installer\..\build\dist\SWDM\_internal\PySide6\translations\qtbase_zh_CN.qm
   Compressing: C:\Users\Lenovo\Desktop\程序设计\steam mod program\installer\..\build\dist\SWDM\_internal\PySide6\translations\qtbase_zh_TW.qm
   Compressing: C:\Users\Lenovo\Desktop\程序设计\steam mod program\installer\..\build\dist\SWDM\_internal\PySide6\translations\qt_ar.qm
   Compressing: C:\Users\Lenovo\Desktop\程序设计\steam mod program\installer\..\build\dist\SWDM\_internal\PySide6\translations\qt_bg.qm
   Compressing: C:\Users\Lenovo\Desktop\程序设计\steam mod program\installer\..\build\dist\SWDM\_internal\PySide6\translations\qt_ca.qm
   Compressing: C:\Users\Lenovo\Desktop\程序设计\steam mod program\installer\..\build\dist\SWDM\_internal\PySide6\translations\qt_cs.qm
   Compressing: C:\Users\Lenovo\Desktop\程序设计\steam mod program\installer\..\build\dist\SWDM\_internal\PySide6\translations\qt_da.qm
   Compressing: C:\Users\Lenovo\Desktop\程序设计\steam mod program\installer\..\build\dist\SWDM\_internal\PySide6\translations\qt_de.qm
   Compressing: C:\Users\Lenovo\Desktop\程序设计\steam mod program\installer\..\build\dist\SWDM\_internal\PySide6\translations\qt_en.qm
   Compressing: C:\Users\Lenovo\Desktop\程序设计\steam mod program\installer\..\build\dist\SWDM\_internal\PySide6\translations\qt_es.qm
   Compressing: C:\Users\Lenovo\Desktop\程序设计\steam mod program\installer\..\build\dist\SWDM\_internal\PySide6\translations\qt_fa.qm
   Compressing: C:\Users\Lenovo\Desktop\程序设计\steam mod program\installer\..\build\dist\SWDM\_internal\PySide6\translations\qt_fi.qm
   Compressing: C:\Users\Lenovo\Desktop\程序设计\steam mod program\installer\..\build\dist\SWDM\_internal\PySide6\translations\qt_fr.qm
   Compressing: C:\Users\Lenovo\Desktop\程序设计\steam mod program\installer\..\build\dist\SWDM\_internal\PySide6\translations\qt_gd.qm
   Compressing: C:\Users\Lenovo\Desktop\程序设计\steam mod program\installer\..\build\dist\SWDM\_internal\PySide6\translations\qt_gl.qm
   Compressing: C:\Users\Lenovo\Desktop\程序设计\steam mod program\installer\..\build\dist\SWDM\_internal\PySide6\translations\qt_he.qm
   Compressing: C:\Users\Lenovo\Desktop\程序设计\steam mod program\installer\..\build\dist\SWDM\_internal\PySide6\translations\qt_help_ar.qm
   Compressing: C:\Users\Lenovo\Desktop\程序设计\steam mod program\installer\..\build\dist\SWDM\_internal\PySide6\translations\qt_help_bg.qm
   Compressing: C:\Users\Lenovo\Desktop\程序设计\steam mod program\installer\..\build\dist\SWDM\_internal\PySide6\translations\qt_help_ca.qm
   Compressing: C:\Users\Lenovo\Desktop\程序设计\steam mod program\installer\..\build\dist\SWDM\_internal\PySide6\translations\qt_help_cs.qm
   Compressing: C:\Users\Lenovo\Desktop\程序设计\steam mod program\installer\..\build\dist\SWDM\_internal\PySide6\translations\qt_help_da.qm
   Compressing: C:\Users\Lenovo\Desktop\程序设计\steam mod program\installer\..\build\dist\SWDM\_internal\PySide6\translations\qt_help_de.qm
   Compressing: C:\Users\Lenovo\Desktop\程序设计\steam mod program\installer\..\build\dist\SWDM\_internal\PySide6\translations\qt_help_en.qm
   Compressing: C:\Users\Lenovo\Desktop\程序设计\steam mod program\installer\..\build\dist\SWDM\_internal\PySide6\translations\qt_help_es.qm
   Compressing: C:\Users\Lenovo\Desktop\程序设计\steam mod program\installer\..\build\dist\SWDM\_internal\PySide6\translations\qt_help_fr.qm
   Compressing: C:\Users\Lenovo\Desktop\程序设计\steam mod program\installer\..\build\dist\SWDM\_internal\PySide6\translations\qt_help_gl.qm
   Compressing: C:\Users\Lenovo\Desktop\程序设计\steam mod program\installer\..\build\dist\SWDM\_internal\PySide6\translations\qt_help_hr.qm
   Compressing: C:\Users\Lenovo\Desktop\程序设计\steam mod program\installer\..\build\dist\SWDM\_internal\PySide6\translations\qt_help_hu.qm
   Compressing: C:\Users\Lenovo\Desktop\程序设计\steam mod program\installer\..\build\dist\SWDM\_internal\PySide6\translations\qt_help_it.qm
   Compressing: C:\Users\Lenovo\Desktop\程序设计\steam mod program\installer\..\build\dist\SWDM\_internal\PySide6\translations\qt_help_ja.qm
   Compressing: C:\Users\Lenovo\Desktop\程序设计\steam mod program\installer\..\build\dist\SWDM\_internal\PySide6\translations\qt_help_ka.qm
   Compressing: C:\Users\Lenovo\Desktop\程序设计\steam mod program\installer\..\build\dist\SWDM\_internal\PySide6\translations\qt_help_ko.qm
   Compressing: C:\Users\Lenovo\Desktop\程序设计\steam mod program\installer\..\build\dist\SWDM\_internal\PySide6\translations\qt_help_nl.qm
   Compressing: C:\Users\Lenovo\Desktop\程序设计\steam mod program\installer\..\build\dist\SWDM\_internal\PySide6\translations\qt_help_nn.qm
   Compressing: C:\Users\Lenovo\Desktop\程序设计\steam mod program\installer\..\build\dist\SWDM\_internal\PySide6\translations\qt_help_pl.qm
   Compressing: C:\Users\Lenovo\Desktop\程序设计\steam mod program\installer\..\build\dist\SWDM\_internal\PySide6\translations\qt_help_pt_BR.qm
   Compressing: C:\Users\Lenovo\Desktop\程序设计\steam mod program\installer\..\build\dist\SWDM\_internal\PySide6\translations\qt_help_ru.qm
   Compressing: C:\Users\Lenovo\Desktop\程序设计\steam mod program\installer\..\build\dist\SWDM\_internal\PySide6\translations\qt_help_sk.qm
   Compressing: C:\Users\Lenovo\Desktop\程序设计\steam mod program\installer\..\build\dist\SWDM\_internal\PySide6\translations\qt_help_sl.qm
   Compressing: C:\Users\Lenovo\Desktop\程序设计\steam mod program\installer\..\build\dist\SWDM\_internal\PySide6\translations\qt_help_sv.qm
   Compressing: C:\Users\Lenovo\Desktop\程序设计\steam mod program\installer\..\build\dist\SWDM\_internal\PySide6\translations\qt_help_tr.qm
   Compressing: C:\Users\Lenovo\Desktop\程序设计\steam mod program\installer\..\build\dist\SWDM\_internal\PySide6\translations\qt_help_uk.qm
   Compressing: C:\Users\Lenovo\Desktop\程序设计\steam mod program\installer\..\build\dist\SWDM\_internal\PySide6\translations\qt_help_zh_CN.qm
   Compressing: C:\Users\Lenovo\Desktop\程序设计\steam mod program\installer\..\build\dist\SWDM\_internal\PySide6\translations\qt_help_zh_TW.qm
   Compressing: C:\Users\Lenovo\Desktop\程序设计\steam mod program\installer\..\build\dist\SWDM\_internal\PySide6\translations\qt_hr.qm
   Compressing: C:\Users\Lenovo\Desktop\程序设计\steam mod program\installer\..\build\dist\SWDM\_internal\PySide6\translations\qt_hu.qm
   Compressing: C:\Users\Lenovo\Desktop\程序设计\steam mod program\installer\..\build\dist\SWDM\_internal\PySide6\translations\qt_it.qm
   Compressing: C:\Users\Lenovo\Desktop\程序设计\steam mod program\installer\..\build\dist\SWDM\_internal\PySide6\translations\qt_ja.qm
   Compressing: C:\Users\Lenovo\Desktop\程序设计\steam mod program\installer\..\build\dist\SWDM\_internal\PySide6\translations\qt_ka.qm
   Compressing: C:\Users\Lenovo\Desktop\程序设计\steam mod program\installer\..\build\dist\SWDM\_internal\PySide6\translations\qt_ko.qm
   Compressing: C:\Users\Lenovo\Desktop\程序设计\steam mod program\installer\..\build\dist\SWDM\_internal\PySide6\translations\qt_lg.qm
   Compressing: C:\Users\Lenovo\Desktop\程序设计\steam mod program\installer\..\build\dist\SWDM\_internal\PySide6\translations\qt_lt.qm
   Compressing: C:\Users\Lenovo\Desktop\程序设计\steam mod program\installer\..\build\dist\SWDM\_internal\PySide6\translations\qt_lv.qm
   Compressing: C:\Users\Lenovo\Desktop\程序设计\steam mod program\installer\..\build\dist\SWDM\_internal\PySide6\translations\qt_nl.qm
   Compressing: C:\Users\Lenovo\Desktop\程序设计\steam mod program\installer\..\build\dist\SWDM\_internal\PySide6\translations\qt_nn.qm
   Compressing: C:\Users\Lenovo\Desktop\程序设计\steam mod program\installer\..\build\dist\SWDM\_internal\PySide6\translations\qt_pl.qm
   Compressing: C:\Users\Lenovo\Desktop\程序设计\steam mod program\installer\..\build\dist\SWDM\_internal\PySide6\translations\qt_pt_BR.qm
   Compressing: C:\Users\Lenovo\Desktop\程序设计\steam mod program\installer\..\build\dist\SWDM\_internal\PySide6\translations\qt_pt_PT.qm
   Compressing: C:\Users\Lenovo\Desktop\程序设计\steam mod program\installer\..\build\dist\SWDM\_internal\PySide6\translations\qt_ru.qm
   Compressing: C:\Users\Lenovo\Desktop\程序设计\steam mod program\installer\..\build\dist\SWDM\_internal\PySide6\translations\qt_sk.qm
   Compressing: C:\Users\Lenovo\Desktop\程序设计\steam mod program\installer\..\build\dist\SWDM\_internal\PySide6\translations\qt_sl.qm
   Compressing: C:\Users\Lenovo\Desktop\程序设计\steam mod program\installer\..\build\dist\SWDM\_internal\PySide6\translations\qt_sv.qm
   Compressing: C:\Users\Lenovo\Desktop\程序设计\steam mod program\installer\..\build\dist\SWDM\_internal\PySide6\translations\qt_tr.qm
   Compressing: C:\Users\Lenovo\Desktop\程序设计\steam mod program\installer\..\build\dist\SWDM\_internal\PySide6\translations\qt_uk.qm
   Compressing: C:\Users\Lenovo\Desktop\程序设计\steam mod program\installer\..\build\dist\SWDM\_internal\PySide6\translations\qt_zh_CN.qm
   Compressing: C:\Users\Lenovo\Desktop\程序设计\steam mod program\installer\..\build\dist\SWDM\_internal\PySide6\translations\qt_zh_TW.qm
   Compressing: C:\Users\Lenovo\Desktop\程序设计\steam mod program\installer\..\build\dist\SWDM\_internal\setuptools\_vendor\importlib_metadata-8.7.1.dist-info\INSTALLER
   Compressing: C:\Users\Lenovo\Desktop\程序设计\steam mod program\installer\..\build\dist\SWDM\_internal\setuptools\_vendor\importlib_metadata-8.7.1.dist-info\METADATA
   Compressing: C:\Users\Lenovo\Desktop\程序设计\steam mod program\installer\..\build\dist\SWDM\_internal\setuptools\_vendor\importlib_metadata-8.7.1.dist-info\RECORD
   Compressing: C:\Users\Lenovo\Desktop\程序设计\steam mod program\installer\..\build\dist\SWDM\_internal\setuptools\_vendor\importlib_metadata-8.7.1.dist-info\REQUESTED
   Compressing: C:\Users\Lenovo\Desktop\程序设计\steam mod program\installer\..\build\dist\SWDM\_internal\setuptools\_vendor\importlib_metadata-8.7.1.dist-info\top_level.txt
   Compressing: C:\Users\Lenovo\Desktop\程序设计\steam mod program\installer\..\build\dist\SWDM\_internal\setuptools\_vendor\importlib_metadata-8.7.1.dist-info\WHEEL
   Compressing: C:\Users\Lenovo\Desktop\程序设计\steam mod program\installer\..\build\dist\SWDM\_internal\setuptools\_vendor\importlib_metadata-8.7.1.dist-info\licenses\LICENSE
   Compressing: C:\Users\Lenovo\Desktop\程序设计\steam mod program\installer\..\build\dist\SWDM\_internal\setuptools\_vendor\jaraco\text\Lorem ipsum.txt
   Compressing: C:\Users\Lenovo\Desktop\程序设计\steam mod program\installer\..\build\dist\SWDM\_internal\shiboken6\MSVCP140.dll
   Compressing: C:\Users\Lenovo\Desktop\程序设计\steam mod program\installer\..\build\dist\SWDM\_internal\shiboken6\Shiboken.pyd
   Compressing: C:\Users\Lenovo\Desktop\程序设计\steam mod program\installer\..\build\dist\SWDM\_internal\shiboken6\shiboken6.abi3.dll
   Compressing: C:\Users\Lenovo\Desktop\程序设计\steam mod program\installer\..\build\dist\SWDM\_internal\shiboken6\VCRUNTIME140.dll
   Compressing: C:\Users\Lenovo\Desktop\程序设计\steam mod program\installer\..\build\dist\SWDM\_internal\shiboken6\VCRUNTIME140_1.dll
   Compressing: C:\Users\Lenovo\Desktop\程序设计\steam mod program\installer\..\build\dist\SWDM\_internal\steam-1.4.4.dist-info\INSTALLER
   Compressing: C:\Users\Lenovo\Desktop\程序设计\steam mod program\installer\..\build\dist\SWDM\_internal\steam-1.4.4.dist-info\METADATA
   Compressing: C:\Users\Lenovo\Desktop\程序设计\steam mod program\installer\..\build\dist\SWDM\_internal\steam-1.4.4.dist-info\RECORD
   Compressing: C:\Users\Lenovo\Desktop\程序设计\steam mod program\installer\..\build\dist\SWDM\_internal\steam-1.4.4.dist-info\REQUESTED
   Compressing: C:\Users\Lenovo\Desktop\程序设计\steam mod program\installer\..\build\dist\SWDM\_internal\steam-1.4.4.dist-info\top_level.txt
   Compressing: C:\Users\Lenovo\Desktop\程序设计\steam mod program\installer\..\build\dist\SWDM\_internal\steam-1.4.4.dist-info\WHEEL
   Compressing: C:\Users\Lenovo\Desktop\程序设计\steam mod program\installer\..\build\dist\SWDM\_internal\steam-1.4.4.dist-info\zip-safe
   Compressing: C:\Users\Lenovo\Desktop\程序设计\steam mod program\installer\..\build\dist\SWDM\_internal\steam-1.4.4.dist-info\licenses\LICENSE
   Compressing: C:\Users\Lenovo\Desktop\程序设计\steam mod program\installer\..\build\dist\SWDM\_internal\swdm\resources\steamcmd.zip
   Compressing: C:\Users\Lenovo\Desktop\程序设计\steam mod program\installer\..\build\dist\SWDM\_internal\truststore\py.typed
   Compressing: C:\Users\Lenovo\Desktop\程序设计\steam mod program\installer\..\build\dist\SWDM\_internal\truststore-0.10.4.dist-info\INSTALLER
   Compressing: C:\Users\Lenovo\Desktop\程序设计\steam mod program\installer\..\build\dist\SWDM\_internal\truststore-0.10.4.dist-info\METADATA
   Compressing: C:\Users\Lenovo\Desktop\程序设计\steam mod program\installer\..\build\dist\SWDM\_internal\truststore-0.10.4.dist-info\RECORD
   Compressing: C:\Users\Lenovo\Desktop\程序设计\steam mod program\installer\..\build\dist\SWDM\_internal\truststore-0.10.4.dist-info\REQUESTED
   Compressing: C:\Users\Lenovo\Desktop\程序设计\steam mod program\installer\..\build\dist\SWDM\_internal\truststore-0.10.4.dist-info\WHEEL
   Compressing: C:\Users\Lenovo\Desktop\程序设计\steam mod program\installer\..\build\dist\SWDM\_internal\truststore-0.10.4.dist-info\licenses\LICENSE
   Compressing: C:\Users\Lenovo\Desktop\程序设计\steam mod program\installer\..\build\dist\SWDM\_internal\zope\interface\_zope_interface_coptimizations.cp312-win_amd64.pyd
   Compressing: C:\Users\Lenovo\Desktop\程序设计\steam mod program\installer\..\build\dist\SWDM\_internal\zope_event-6.2.dist-info\INSTALLER
   Compressing: C:\Users\Lenovo\Desktop\程序设计\steam mod program\installer\..\build\dist\SWDM\_internal\zope_event-6.2.dist-info\METADATA
   Compressing: C:\Users\Lenovo\Desktop\程序设计\steam mod program\installer\..\build\dist\SWDM\_internal\zope_event-6.2.dist-info\RECORD
   Compressing: C:\Users\Lenovo\Desktop\程序设计\steam mod program\installer\..\build\dist\SWDM\_internal\zope_event-6.2.dist-info\top_level.txt
   Compressing: C:\Users\Lenovo\Desktop\程序设计\steam mod program\installer\..\build\dist\SWDM\_internal\zope_event-6.2.dist-info\WHEEL
   Compressing: C:\Users\Lenovo\Desktop\程序设计\steam mod program\installer\..\build\dist\SWDM\_internal\zope_event-6.2.dist-info\licenses\LICENSE.txt
   Compressing: C:\Users\Lenovo\Desktop\程序设计\steam mod program\installer\..\build\dist\SWDM\_internal\zope_interface-8.6.dist-info\INSTALLER
   Compressing: C:\Users\Lenovo\Desktop\程序设计\steam mod program\installer\..\build\dist\SWDM\_internal\zope_interface-8.6.dist-info\METADATA
   Compressing: C:\Users\Lenovo\Desktop\程序设计\steam mod program\installer\..\build\dist\SWDM\_internal\zope_interface-8.6.dist-info\RECORD
   Compressing: C:\Users\Lenovo\Desktop\程序设计\steam mod program\installer\..\build\dist\SWDM\_internal\zope_interface-8.6.dist-info\top_level.txt
   Compressing: C:\Users\Lenovo\Desktop\程序设计\steam mod program\installer\..\build\dist\SWDM\_internal\zope_interface-8.6.dist-info\WHEEL
   Compressing: C:\Users\Lenovo\Desktop\程序设计\steam mod program\installer\..\build\dist\SWDM\_internal\zope_interface-8.6.dist-info\licenses\LICENSE.txt
   Compressing Setup program executable
   Updating version info (Setup.exe)
   Updating manifest (Setup.exe)


Successful compile (56.969 sec). Resulting Setup program filename is:
C:\Users\Lenovo\Desktop\程序设计\steam mod program\installer\Output\SWDM-Setup-1.3.3.exe
