python : 161 INFO: PyInstaller: 6.22.3, contrib hooks: 2026.7
所在位置 行:1 字符: 201
+ ... od program"; python -m PyInstaller swdm.spec --noconfirm 2>&1 | Out-F ...
+                  ~~~~~~~~~~~~~~~~~~~~~~~~~~~~~~~~~~~~~~~~~~~~~~~~
    + CategoryInfo          : NotSpecified: (161 INFO: PyIns...b hooks: 2026.7:String) [], RemoteException
    + FullyQualifiedErrorId : NativeCommandError
 
161 INFO: Python: 3.12.10
192 INFO: Platform: Windows-11-10.0.26200-SP0
192 INFO: Python environment: C:\Users\Lenovo\AppData\Local\Programs\Python\Python312
4338 INFO: Module search paths (PYTHONPATH):
['C:\\Users\\Lenovo\\Desktop\\程序设计\\steam mod program',
 'C:\\Users\\Lenovo\\AppData\\Local\\Programs\\Python\\Python312\\python312.zip',
 'C:\\Users\\Lenovo\\AppData\\Local\\Programs\\Python\\Python312\\DLLs',
 'C:\\Users\\Lenovo\\AppData\\Local\\Programs\\Python\\Python312\\Lib',
 'C:\\Users\\Lenovo\\AppData\\Local\\Programs\\Python\\Python312',
 'C:\\Users\\Lenovo\\AppData\\Local\\Programs\\Python\\Python312\\Lib\\site-packages',
 'C:\\Users\\Lenovo\\Desktop\\程序设计\\steam mod program']
5009 INFO: Appending 'datas' from .spec
5013 INFO: checking Analysis
5036 INFO: Building because excludes changed
5036 INFO: Looking for Python shared library...
5037 INFO: Using Python shared library: C:\Users\Lenovo\AppData\Local\Programs\Python\Python312\python312.dll
5037 INFO: Running Analysis Analysis-00.toc
5037 INFO: Target bytecode optimization level: 0
5037 INFO: Initializing module dependency graph...
5039 INFO: Initializing module graph hook caches...
5090 INFO: Analyzing modules for base_library.zip ...
8547 INFO: Processing standard module hook 'hook-encodings.py' from 'C:\\Users\\Lenovo\\AppData\\Local\\Programs\\Pytho
n\\Python312\\Lib\\site-packages\\PyInstaller\\hooks'
9505 INFO: Processing standard module hook 'hook-math.py' from 'C:\\Users\\Lenovo\\AppData\\Local\\Programs\\Python\\Py
thon312\\Lib\\site-packages\\PyInstaller\\hooks'
10646 INFO: Processing standard module hook 'hook-pickle.py' from 'C:\\Users\\Lenovo\\AppData\\Local\\Programs\\Python\
\Python312\\Lib\\site-packages\\PyInstaller\\hooks'
11689 INFO: Processing standard module hook 'hook-heapq.py' from 'C:\\Users\\Lenovo\\AppData\\Local\\Programs\\Python\\
Python312\\Lib\\site-packages\\PyInstaller\\hooks'
12208 INFO: Caching module dependency graph...
12264 INFO: Analyzing C:\Users\Lenovo\Desktop\程序设计\steam mod program\swdm\app.py
12274 INFO: Processing standard module hook 'hook-PySide6.py' from 'C:\\Users\\Lenovo\\AppData\\Local\\Programs\\Python
\\Python312\\Lib\\site-packages\\PyInstaller\\hooks'
12732 INFO: Processing standard module hook 'hook-shiboken6.py' from 'C:\\Users\\Lenovo\\AppData\\Local\\Programs\\Pyth
on\\Python312\\Lib\\site-packages\\PyInstaller\\hooks'
12932 INFO: Processing standard module hook 'hook-PySide6.QtNetwork.py' from 'C:\\Users\\Lenovo\\AppData\\Local\\Progra
ms\\Python\\Python312\\Lib\\site-packages\\PyInstaller\\hooks'
15460 INFO: Processing standard module hook 'hook-PySide6.QtCore.py' from 'C:\\Users\\Lenovo\\AppData\\Local\\Programs\
\Python\\Python312\\Lib\\site-packages\\PyInstaller\\hooks'
19273 INFO: Processing standard module hook 'hook-PySide6.QtWidgets.py' from 'C:\\Users\\Lenovo\\AppData\\Local\\Progra
ms\\Python\\Python312\\Lib\\site-packages\\PyInstaller\\hooks'
23485 INFO: Processing standard module hook 'hook-PySide6.QtGui.py' from 'C:\\Users\\Lenovo\\AppData\\Local\\Programs\\
Python\\Python312\\Lib\\site-packages\\PyInstaller\\hooks'
53920 INFO: Processing standard module hook 'hook-keyring.py' from 'C:\\Users\\Lenovo\\AppData\\Local\\Programs\\Python
\\Python312\\Lib\\site-packages\\PyInstaller\\hooks'
55785 INFO: Processing pre-safe-import-module hook 'hook-jaraco.py' from 'C:\\Users\\Lenovo\\AppData\\Local\\Programs\\
Python\\Python312\\Lib\\site-packages\\PyInstaller\\hooks\\pre_safe_import_module'
55787 INFO: SetuptoolsInfo: initializing cached setuptools info...
56628 INFO: Setuptools: 'jaraco' appears to be a partial setuptools-vendored copy - extending search paths to ['C:\\Use
rs\\Lenovo\\AppData\\Local\\Programs\\Python\\Python312\\Lib\\site-packages\\jaraco', 'C:\\Users\\Lenovo\\AppData\\Loca
l\\Programs\\Python\\Python312\\Lib\\site-packages\\setuptools\\_vendor\\jaraco']!
56629 INFO: Processing pre-safe-import-module hook 'hook-jaraco.context.py' from 'C:\\Users\\Lenovo\\AppData\\Local\\Pr
ograms\\Python\\Python312\\Lib\\site-packages\\PyInstaller\\hooks\\pre_safe_import_module'
56696 INFO: Processing standard module hook 'hook-platform.py' from 'C:\\Users\\Lenovo\\AppData\\Local\\Programs\\Pytho
n\\Python312\\Lib\\site-packages\\PyInstaller\\hooks'
57161 INFO: Processing pre-safe-import-module hook 'hook-backports.py' from 'C:\\Users\\Lenovo\\AppData\\Local\\Program
s\\Python\\Python312\\Lib\\site-packages\\PyInstaller\\hooks\\pre_safe_import_module'
57162 INFO: Setuptools: 'backports' appears to be a full setuptools-vendored copy - creating alias to 'setuptools._vend
or.backports'!
57168 INFO: Processing standard module hook 'hook-setuptools.py' from 'C:\\Users\\Lenovo\\AppData\\Local\\Programs\\Pyt
hon\\Python312\\Lib\\site-packages\\PyInstaller\\hooks'
57184 INFO: Processing pre-safe-import-module hook 'hook-distutils.py' from 'C:\\Users\\Lenovo\\AppData\\Local\\Program
s\\Python\\Python312\\Lib\\site-packages\\PyInstaller\\hooks\\pre_safe_import_module'
57231 INFO: Processing standard module hook 'hook-sysconfig.py' from 'C:\\Users\\Lenovo\\AppData\\Local\\Programs\\Pyth
on\\Python312\\Lib\\site-packages\\PyInstaller\\hooks'
57240 INFO: Processing pre-safe-import-module hook 'hook-jaraco.functools.py' from 'C:\\Users\\Lenovo\\AppData\\Local\\
Programs\\Python\\Python312\\Lib\\site-packages\\PyInstaller\\hooks\\pre_safe_import_module'
57250 INFO: Processing pre-safe-import-module hook 'hook-more_itertools.py' from 'C:\\Users\\Lenovo\\AppData\\Local\\Pr
ograms\\Python\\Python312\\Lib\\site-packages\\PyInstaller\\hooks\\pre_safe_import_module'
57411 INFO: Processing standard module hook 'hook-_osx_support.py' from 'C:\\Users\\Lenovo\\AppData\\Local\\Programs\\P
ython\\Python312\\Lib\\site-packages\\PyInstaller\\hooks'
57416 INFO: Processing pre-safe-import-module hook 'hook-typing_extensions.py' from 'C:\\Users\\Lenovo\\AppData\\Local\
\Programs\\Python\\Python312\\Lib\\site-packages\\PyInstaller\\hooks\\pre_safe_import_module'
57731 INFO: Processing standard module hook 'hook-multiprocessing.util.py' from 'C:\\Users\\Lenovo\\AppData\\Local\\Pro
grams\\Python\\Python312\\Lib\\site-packages\\PyInstaller\\hooks'
57813 INFO: Processing standard module hook 'hook-xml.py' from 'C:\\Users\\Lenovo\\AppData\\Local\\Programs\\Python\\Py
thon312\\Lib\\site-packages\\PyInstaller\\hooks'
58044 INFO: Processing standard module hook 'hook-_ctypes.py' from 'C:\\Users\\Lenovo\\AppData\\Local\\Programs\\Python
\\Python312\\Lib\\site-packages\\PyInstaller\\hooks'
58572 INFO: Processing pre-safe-import-module hook 'hook-packaging.py' from 'C:\\Users\\Lenovo\\AppData\\Local\\Program
s\\Python\\Python312\\Lib\\site-packages\\PyInstaller\\hooks\\pre_safe_import_module'
58863 INFO: Processing pre-safe-import-module hook 'hook-jaraco.text.py' from 'C:\\Users\\Lenovo\\AppData\\Local\\Progr
ams\\Python\\Python312\\Lib\\site-packages\\PyInstaller\\hooks\\pre_safe_import_module'
58864 INFO: Setuptools: 'jaraco.text' appears to be a setuptools-vendored copy - creating alias to 'setuptools._vendor.
jaraco.text'!
58873 INFO: Processing standard module hook 'hook-setuptools._vendor.jaraco.text.py' from 'C:\\Users\\Lenovo\\AppData\\
Local\\Programs\\Python\\Python312\\Lib\\site-packages\\PyInstaller\\hooks'
58874 INFO: Processing pre-safe-import-module hook 'hook-importlib_resources.py' from 'C:\\Users\\Lenovo\\AppData\\Loca
l\\Programs\\Python\\Python312\\Lib\\site-packages\\PyInstaller\\hooks\\pre_safe_import_module'
59334 INFO: Processing pre-safe-import-module hook 'hook-tomli.py' from 'C:\\Users\\Lenovo\\AppData\\Local\\Programs\\P
ython\\Python312\\Lib\\site-packages\\PyInstaller\\hooks\\pre_safe_import_module'
59335 INFO: Setuptools: 'tomli' appears to be a setuptools-vendored copy - creating alias to 'setuptools._vendor.tomli'
!
59885 INFO: Processing pre-safe-import-module hook 'hook-wheel.py' from 'C:\\Users\\Lenovo\\AppData\\Local\\Programs\\P
ython\\Python312\\Lib\\site-packages\\PyInstaller\\hooks\\pre_safe_import_module'
59886 INFO: Setuptools: 'wheel' appears to be a setuptools-vendored copy - creating alias to 'setuptools._vendor.wheel'
!
60280 INFO: Processing pre-safe-import-module hook 'hook-importlib_metadata.py' from 'C:\\Users\\Lenovo\\AppData\\Local
\\Programs\\Python\\Python312\\Lib\\site-packages\\PyInstaller\\hooks\\pre_safe_import_module'
60281 INFO: Setuptools: 'importlib_metadata' appears to be a setuptools-vendored copy - creating alias to 'setuptools._
vendor.importlib_metadata'!
60307 INFO: Processing standard module hook 'hook-setuptools._vendor.importlib_metadata.py' from 'C:\\Users\\Lenovo\\Ap
pData\\Local\\Programs\\Python\\Python312\\Lib\\site-packages\\PyInstaller\\hooks'
60338 INFO: Processing pre-safe-import-module hook 'hook-zipp.py' from 'C:\\Users\\Lenovo\\AppData\\Local\\Programs\\Py
thon\\Python312\\Lib\\site-packages\\PyInstaller\\hooks\\pre_safe_import_module'
60338 INFO: Setuptools: 'zipp' appears to be a setuptools-vendored copy - creating alias to 'setuptools._vendor.zipp'!
60517 INFO: Processing standard module hook 'hook-sqlite3.py' from 'C:\\Users\\Lenovo\\AppData\\Local\\Programs\\Python
\\Python312\\Lib\\site-packages\\PyInstaller\\hooks'
61045 INFO: Processing standard module hook 'hook-urllib3.py' from 'C:\\Users\\Lenovo\\AppData\\Local\\Programs\\Python
\\Python312\\Lib\\site-packages\\_pyinstaller_hooks_contrib\\stdhooks'
61664 INFO: Processing standard module hook 'hook-certifi.py' from 'C:\\Users\\Lenovo\\AppData\\Local\\Programs\\Python
\\Python312\\Lib\\site-packages\\_pyinstaller_hooks_contrib\\stdhooks'
61767 INFO: Processing standard module hook 'hook-charset_normalizer.py' from 'C:\\Users\\Lenovo\\AppData\\Local\\Progr
ams\\Python\\Python312\\Lib\\site-packages\\_pyinstaller_hooks_contrib\\stdhooks'
62364 INFO: Analyzing hidden import 'keyring.backends.chainer'
62392 INFO: Analyzing hidden import 'keyring.backends.Windows'
62409 INFO: Processing standard module hook 'hook-win32ctypes.core.py' from 'C:\\Users\\Lenovo\\AppData\\Local\\Program
s\\Python\\Python312\\Lib\\site-packages\\PyInstaller\\hooks'
66030 INFO: Processing standard module hook 'hook-pycparser.py' from 'C:\\Users\\Lenovo\\AppData\\Local\\Programs\\Pyth
on\\Python312\\Lib\\site-packages\\_pyinstaller_hooks_contrib\\stdhooks'
66602 INFO: Analyzing hidden import 'keyring.backends.null'
66604 INFO: Analyzing hidden import 'vdf'
66631 INFO: Analyzing hidden import 'steam'
66632 INFO: Analyzing hidden import 'bs4'
67004 INFO: Processing standard module hook 'hook-lxml.py' from 'C:\\Users\\Lenovo\\AppData\\Local\\Programs\\Python\\P
ython312\\Lib\\site-packages\\_pyinstaller_hooks_contrib\\stdhooks'
67581 INFO: Processing standard module hook 'hook-lxml.etree.py' from 'C:\\Users\\Lenovo\\AppData\\Local\\Programs\\Pyt
hon\\Python312\\Lib\\site-packages\\_pyinstaller_hooks_contrib\\stdhooks'
67587 INFO: Analyzing hidden import 'PySide6.QtSvg'
67597 INFO: Processing standard module hook 'hook-PySide6.QtSvg.py' from 'C:\\Users\\Lenovo\\AppData\\Local\\Programs\\
Python\\Python312\\Lib\\site-packages\\PyInstaller\\hooks'
68926 INFO: Analyzing hidden import 'keyring.__main__'
68938 INFO: Analyzing hidden import 'keyring.backends.SecretService'
68942 INFO: Analyzing hidden import 'keyring.backends.kwallet'
68949 INFO: Analyzing hidden import 'keyring.backends.libsecret'
68956 INFO: Processing pre-safe-import-module hook 'hook-gi.py' from 'C:\\Users\\Lenovo\\AppData\\Local\\Programs\\Pyth
on\\Python312\\Lib\\site-packages\\PyInstaller\\hooks\\pre_safe_import_module'
68957 INFO: Analyzing hidden import 'keyring.backends.macOS'
68968 INFO: Analyzing hidden import 'keyring.devpi_client'
68970 INFO: Analyzing hidden import 'keyring.http'
68972 INFO: Analyzing hidden import 'keyring.testing'
68972 INFO: Analyzing hidden import 'keyring.testing.backend'
68983 INFO: Analyzing hidden import 'steam.client'
69040 INFO: Processing standard module hook 'hook-gevent.py' from 'C:\\Users\\Lenovo\\AppData\\Local\\Programs\\Python\
\Python312\\Lib\\site-packages\\PyInstaller\\hooks'
71004 INFO: Processing standard module hook 'hook-zope.interface.py' from 'C:\\Users\\Lenovo\\AppData\\Local\\Programs\
\Python\\Python312\\Lib\\site-packages\\PyInstaller\\hooks'
71131 INFO: Processing standard module hook 'hook-difflib.py' from 'C:\\Users\\Lenovo\\AppData\\Local\\Programs\\Python
\\Python312\\Lib\\site-packages\\PyInstaller\\hooks'
C:\Users\Lenovo\AppData\Local\Programs\Python\Python312\Lib\site-packages\steam\steamid.py:504: SyntaxWarning: invalid 
escape sequence '\-'
  if not re.match(r'^['+_csgofrcode_chars+'\-]{10}$', code):
C:\Users\Lenovo\AppData\Local\Programs\Python\Python312\Lib\site-packages\steam\steamid.py:577: SyntaxWarning: invalid 
escape sequence '\('
  data_match = re.search("OpenGroupChat\( *'(?P<steamid>\d+)'", text)
71922 INFO: Processing standard module hook 'hook-Cryptodome.py' from 'C:\\Users\\Lenovo\\AppData\\Local\\Programs\\Pyt
hon\\Python312\\Lib\\site-packages\\_pyinstaller_hooks_contrib\\stdhooks'
76858 INFO: Processing pre-safe-import-module hook 'hook-six.moves.py' from 'C:\\Users\\Lenovo\\AppData\\Local\\Program
s\\Python\\Python312\\Lib\\site-packages\\PyInstaller\\hooks\\pre_safe_import_module'
78946 INFO: Analyzing hidden import 'steam.client.cdn'
C:\Users\Lenovo\AppData\Local\Programs\Python\Python312\Lib\site-packages\steam\client\cdn.py:81: SyntaxWarning: invali
d escape sequence '\d'
  >>> file_list = mycdn.iter_files(570, r'game\dota\gameinfo.gi')
79097 INFO: Analyzing hidden import 'steam.client.gc'
79101 INFO: Analyzing hidden import 'steam.game_servers'
79117 INFO: Analyzing hidden import 'steam.globalid'
79121 INFO: Analyzing hidden import 'steam.guard'
79147 INFO: Analyzing hidden import 'steam.monkey'
79148 INFO: Analyzing hidden import 'steam.protobufs.enums_clientserver_pb2'
79427 INFO: Analyzing hidden import 'steam.protobufs.enums_pb2'
79496 INFO: Analyzing hidden import 'steam.protobufs.enums_productinfo_pb2'
79500 INFO: Analyzing hidden import 'steam.protobufs.offline_ticket_pb2'
79505 INFO: Analyzing hidden import 'steam.protobufs.steammessages_auth_pb2'
79620 INFO: Analyzing hidden import 'steam.protobufs.steammessages_broadcast_pb2'
79816 INFO: Analyzing hidden import 'steam.protobufs.steammessages_chat_pb2'
80184 INFO: Analyzing hidden import 'steam.protobufs.steammessages_client_objects_pb2'
80406 INFO: Analyzing hidden import 'steam.protobufs.steammessages_cloud_pb2'
80569 INFO: Analyzing hidden import 'steam.protobufs.steammessages_contentsystem_pb2'
80621 INFO: Analyzing hidden import 'steam.protobufs.steammessages_credentials_pb2'
80659 INFO: Analyzing hidden import 'steam.protobufs.steammessages_datapublisher_pb2'
80678 INFO: Analyzing hidden import 'steam.protobufs.steammessages_depotbuilder_pb2'
80709 INFO: Analyzing hidden import 'steam.protobufs.steammessages_deviceauth_pb2'
80759 INFO: Analyzing hidden import 'steam.protobufs.steammessages_econ_pb2'
80803 INFO: Analyzing hidden import 'steam.protobufs.steammessages_friendmessages_pb2'
80845 INFO: Analyzing hidden import 'steam.protobufs.steammessages_gamenotifications_pb2'
80884 INFO: Analyzing hidden import 'steam.protobufs.steammessages_gameservers_pb2'
80925 INFO: Analyzing hidden import 'steam.protobufs.steammessages_inventory_pb2'
80974 INFO: Analyzing hidden import 'steam.protobufs.steammessages_linkfilter_pb2'
80988 INFO: Analyzing hidden import 'steam.protobufs.steammessages_lobbymatchmaking_pb2'
80995 INFO: Analyzing hidden import 'steam.protobufs.steammessages_market_pb2'
81003 INFO: Analyzing hidden import 'steam.protobufs.steammessages_marketingmessages_pb2'
81153 INFO: Analyzing hidden import 'steam.protobufs.steammessages_offline_pb2'
81163 INFO: Analyzing hidden import 'steam.protobufs.steammessages_parental_pb2'
81208 INFO: Analyzing hidden import 'steam.protobufs.steammessages_parties_pb2'
81227 INFO: Analyzing hidden import 'steam.protobufs.steammessages_partnerapps_pb2'
81254 INFO: Analyzing hidden import 'steam.protobufs.steammessages_physicalgoods_pb2'
81287 INFO: Analyzing hidden import 'steam.protobufs.steammessages_player_pb2'
81524 INFO: Analyzing hidden import 'steam.protobufs.steammessages_publishedfile_pb2'
81781 INFO: Analyzing hidden import 'steam.protobufs.steammessages_qms_pb2'
81813 INFO: Analyzing hidden import 'steam.protobufs.steammessages_remoteplay_pb2'
82147 INFO: Analyzing hidden import 'steam.protobufs.steammessages_secrets_pb2'
82162 INFO: Analyzing hidden import 'steam.protobufs.steammessages_shader_pb2'
82198 INFO: Analyzing hidden import 'steam.protobufs.steammessages_site_license_pb2'
82241 INFO: Analyzing hidden import 'steam.protobufs.steammessages_star_pb2'
82264 INFO: Analyzing hidden import 'steam.protobufs.steammessages_steamtv_pb2'
82458 INFO: Analyzing hidden import 'steam.protobufs.steammessages_store_pb2'
82541 INFO: Analyzing hidden import 'steam.protobufs.steammessages_timedtrial_pb2'
82553 INFO: Analyzing hidden import 'steam.protobufs.steammessages_twofactor_pb2'
82612 INFO: Analyzing hidden import 'steam.protobufs.steammessages_unified_test_pb2'
82624 INFO: Analyzing hidden import 'steam.protobufs.steammessages_useraccount_pb2'
82681 INFO: Analyzing hidden import 'steam.protobufs.steammessages_video_pb2'
82701 INFO: Analyzing hidden import 'steam.protobufs.steammessages_webui_friends_pb2'
82922 INFO: Analyzing hidden import 'steam.protobufs.steammessages_workshop_pb2'
82952 INFO: Analyzing hidden import 'steam.protobufs.test_messages_pb2'
82960 INFO: Analyzing hidden import 'steam.utils.appcache'
82965 INFO: Analyzing hidden import 'steam.versions_report'
82967 INFO: Analyzing hidden import 'steam.versions_report.__main__'
82969 INFO: Processing module hooks (post-graph stage)...
83430 INFO: Processing standard module hook 'hook-webbrowser.py' from 'C:\\Users\\Lenovo\\AppData\\Local\\Programs\\Pyt
hon\\Python312\\Lib\\site-packages\\PyInstaller\\hooks'
83739 INFO: Processing standard module hook 'hook-lxml.isoschematron.py' from 'C:\\Users\\Lenovo\\AppData\\Local\\Progr
ams\\Python\\Python312\\Lib\\site-packages\\_pyinstaller_hooks_contrib\\stdhooks'
83849 WARNING: Hidden import "pycparser.lextab" not found!
83849 WARNING: Hidden import "pycparser.yacctab" not found!
86313 INFO: Processing standard module hook 'hook-lxml.objectify.py' from 'C:\\Users\\Lenovo\\AppData\\Local\\Programs\
\Python\\Python312\\Lib\\site-packages\\_pyinstaller_hooks_contrib\\stdhooks'
86330 INFO: Performing binary vs. data reclassification (246 entries)
86503 INFO: Looking for ctypes DLLs
86571 INFO: Analyzing run-time hooks ...
86605 INFO: Including run-time hook 'pyi_rth_inspect.py' from 'C:\\Users\\Lenovo\\AppData\\Local\\Programs\\Python\\Pyt
hon312\\Lib\\site-packages\\PyInstaller\\hooks\\rthooks'
86610 INFO: Including run-time hook 'pyi_rth_setuptools.py' from 'C:\\Users\\Lenovo\\AppData\\Local\\Programs\\Python\\
Python312\\Lib\\site-packages\\PyInstaller\\hooks\\rthooks'
86613 INFO: Including run-time hook 'pyi_rth_pkgutil.py' from 'C:\\Users\\Lenovo\\AppData\\Local\\Programs\\Python\\Pyt
hon312\\Lib\\site-packages\\PyInstaller\\hooks\\rthooks'
86616 INFO: Including run-time hook 'pyi_rth_multiprocessing.py' from 'C:\\Users\\Lenovo\\AppData\\Local\\Programs\\Pyt
hon\\Python312\\Lib\\site-packages\\PyInstaller\\hooks\\rthooks'
86620 INFO: Including run-time hook 'pyi_rth_pyside6.py' from 'C:\\Users\\Lenovo\\AppData\\Local\\Programs\\Python\\Pyt
hon312\\Lib\\site-packages\\PyInstaller\\hooks\\rthooks'
86623 INFO: Processing pre-find-module-path hook 'hook-_pyi_rth_utils.py' from 'C:\\Users\\Lenovo\\AppData\\Local\\Prog
rams\\Python\\Python312\\Lib\\site-packages\\PyInstaller\\hooks\\pre_find_module_path'
86627 INFO: Processing standard module hook 'hook-_pyi_rth_utils.py' from 'C:\\Users\\Lenovo\\AppData\\Local\\Programs\
\Python\\Python312\\Lib\\site-packages\\PyInstaller\\hooks'
86661 INFO: Creating base_library.zip...
86692 INFO: Looking for dynamic libraries
89053 INFO: Extra DLL search directories (AddDllDirectory): ['C:\\Users\\Lenovo\\AppData\\Local\\Programs\\Python\\Pyth
on312\\Lib\\site-packages\\shiboken6']
89053 INFO: Extra DLL search directories (PATH): ['C:\\Users\\Lenovo\\AppData\\Local\\Programs\\Python\\Python312\\Lib\
\site-packages\\PySide6']
91223 INFO: Warnings written to C:\Users\Lenovo\Desktop\程序设计\steam mod program\build\swdm\warn-swdm.txt
91369 INFO: Graph cross-reference written to C:\Users\Lenovo\Desktop\程序设计\steam mod program\build\swdm\xref-swdm.html
91434 INFO: checking PYZ
91461 INFO: Building because C:\Users\Lenovo\Desktop\程序设计\steam mod program\swdm\core\downloader.py changed
91461 INFO: Building PYZ (ZlibArchive) C:\Users\Lenovo\Desktop\程序设计\steam mod program\build\swdm\PYZ-00.pyz
92768 INFO: Building PYZ (ZlibArchive) C:\Users\Lenovo\Desktop\程序设计\steam mod program\build\swdm\PYZ-00.pyz completed s
uccessfully.
92808 INFO: checking PKG
92809 INFO: Building because C:\Users\Lenovo\Desktop\程序设计\steam mod program\build\swdm\PYZ-00.pyz changed
92809 INFO: Building PKG (CArchive) SWDM.pkg
92847 INFO: Building PKG (CArchive) SWDM.pkg completed successfully.
92849 INFO: Bootloader C:\Users\Lenovo\AppData\Local\Programs\Python\Python312\Lib\site-packages\PyInstaller\bootloader
\Windows-64bit-intel\runw.exe
92849 INFO: checking EXE
92850 INFO: Rebuilding EXE-00.toc because pkg is more recent
92850 INFO: Building EXE from EXE-00.toc
92851 INFO: Copying bootloader EXE to C:\Users\Lenovo\Desktop\程序设计\steam mod program\build\swdm\SWDM.exe
92859 INFO: Copying icon to EXE
92868 INFO: Copying 0 resources to EXE
92868 INFO: Embedding manifest in EXE
92874 INFO: Appending PKG archive to EXE
92886 INFO: Fixing EXE headers
93018 INFO: Building EXE from EXE-00.toc completed successfully.
93026 INFO: checking COLLECT
93056 INFO: Removing dir C:\Users\Lenovo\Desktop\程序设计\steam mod program\dist\SWDM
93272 INFO: Building COLLECT COLLECT-00.toc
94055 INFO: Building COLLECT COLLECT-00.toc completed successfully.
94066 INFO: Build complete! The results are available in: C:\Users\Lenovo\Desktop\程序设计\steam mod program\dist
